# MS-A2 native PCIe follow-up: sanitized terminal result excerpt
# Link state was read before the run. The result fields below were copied from
# the operator's Ubuntu terminal after the run. Full per-stage logs remain on
# the persistent Ubuntu USB and are not part of this excerpt.

HOST=MINISFORUM_MS-A2-9955
RUN_DATE_UTC=2026-09-29
OS=Ubuntu_24.04.5_Persistent_Live_USB
KERNEL=7.0.0-31-generic
SECURE_BOOT=enabled
ENDPOINT_BDF=0000:07:00.0
ENDPOINT_ID=10ee:7024
SUBSYSTEM_ID=10ee:0007
ENDPOINT_LNKSTA=5GT/s_x8
ROOT_PORT_BDF=0000:00:01.1
ROOT_PORT_LNKSTA=5GT/s_x8

SECURE_BOOT_STATUS=READY
INSMOD_RC=0
DMA_DATA_COMPARE=PASS
CONCURRENT_H2C_AGGREGATE_WALL_MIB_PER_S=1791.766
CONCURRENT_C2H_AGGREGATE_WALL_MIB_PER_S=1656.165
CONCURRENT_DMA=PASS
FULL_4G_H2C_TRANSFER_WALL_MIB_PER_S=1431.837
FULL_4G_C2H_TRANSFER_WALL_MIB_PER_S=1108.200
CHUNKED_4G=PASS
ADVANCED_RELEASE_VALIDATION=PASS
CLEANUP_STATUS=PASS
CLEANUP_RC=0
WRAPPER_CLEANUP_RC=0
RUN_RC=0
